2023-11-22 15:03:50,774 - Running test for Ladder 3
2023-11-22 15:03:50,856 - Steady State recurrence = 0.0126263038551272
2023-11-22 15:03:50,856 - Steady State svd = 0.012626303855127152
2023-11-22 15:03:50,856 - Mean FPT recurrence = 31.6201045129851
2023-11-22 15:03:50,856 - Mean FPT svd = 31.620104512985122
2023-11-22 15:03:50,856 - Ladder 3 test PASSED 

2023-11-22 15:03:50,856 - Running test for Ladder 6
2023-11-22 15:03:50,859 - Computing Q matrices for FPT
2023-11-22 15:03:52,266 - Computing Q matrices for ss
2023-11-22 15:03:53,892 - Computing ss
2023-11-22 15:03:53,947 - Computing mfpt
Traceback (most recent call last):
  File "/Users/gravanelli/Desktop/FPT/tests/test_calculations.py", line 188, in <module>
    ss_recurrence = ss_ladder_6.evalf(subs=dict_eval)
                    ^^^^^^^^^^^^^^^^^^^^^^^^^^^^^^^^^
  File "/Users/gravanelli/miniconda3/envs/fpt_env/lib/python3.11/site-packages/sympy/core/evalf.py", line 1647, in evalf
    result = evalf(self, prec + 4, options)
             ^^^^^^^^^^^^^^^^^^^^^^^^^^^^^^
  File "/Users/gravanelli/miniconda3/envs/fpt_env/lib/python3.11/site-packages/sympy/core/evalf.py", line 1482, in evalf
    r = rf(x, prec, options)
        ^^^^^^^^^^^^^^^^^^^^
  File "/Users/gravanelli/miniconda3/envs/fpt_env/lib/python3.11/site-packages/sympy/core/evalf.py", line 600, in evalf_add
    terms = [evalf(arg, prec + 10, options) for arg in v.args]
            ^^^^^^^^^^^^^^^^^^^^^^^^^^^^^^^^^^^^^^^^^^^^^^^^^^
  File "/Users/gravanelli/miniconda3/envs/fpt_env/lib/python3.11/site-packages/sympy/core/evalf.py", line 600, in <listcomp>
    terms = [evalf(arg, prec + 10, options) for arg in v.args]
             ^^^^^^^^^^^^^^^^^^^^^^^^^^^^^^
  File "/Users/gravanelli/miniconda3/envs/fpt_env/lib/python3.11/site-packages/sympy/core/evalf.py", line 1482, in evalf
    r = rf(x, prec, options)
        ^^^^^^^^^^^^^^^^^^^^
  File "/Users/gravanelli/miniconda3/envs/fpt_env/lib/python3.11/site-packages/sympy/core/evalf.py", line 648, in evalf_mul
    result = evalf(arg, prec, options)
             ^^^^^^^^^^^^^^^^^^^^^^^^^
  File "/Users/gravanelli/miniconda3/envs/fpt_env/lib/python3.11/site-packages/sympy/core/evalf.py", line 1482, in evalf
    r = rf(x, prec, options)
        ^^^^^^^^^^^^^^^^^^^^
  File "/Users/gravanelli/miniconda3/envs/fpt_env/lib/python3.11/site-packages/sympy/core/evalf.py", line 776, in evalf_pow
    result = evalf(base, prec + 5, options)
             ^^^^^^^^^^^^^^^^^^^^^^^^^^^^^^
  File "/Users/gravanelli/miniconda3/envs/fpt_env/lib/python3.11/site-packages/sympy/core/evalf.py", line 1482, in evalf
    r = rf(x, prec, options)
        ^^^^^^^^^^^^^^^^^^^^
  File "/Users/gravanelli/miniconda3/envs/fpt_env/lib/python3.11/site-packages/sympy/core/evalf.py", line 600, in evalf_add
    terms = [evalf(arg, prec + 10, options) for arg in v.args]
            ^^^^^^^^^^^^^^^^^^^^^^^^^^^^^^^^^^^^^^^^^^^^^^^^^^
  File "/Users/gravanelli/miniconda3/envs/fpt_env/lib/python3.11/site-packages/sympy/core/evalf.py", line 600, in <listcomp>
    terms = [evalf(arg, prec + 10, options) for arg in v.args]
             ^^^^^^^^^^^^^^^^^^^^^^^^^^^^^^
  File "/Users/gravanelli/miniconda3/envs/fpt_env/lib/python3.11/site-packages/sympy/core/evalf.py", line 1482, in evalf
    r = rf(x, prec, options)
        ^^^^^^^^^^^^^^^^^^^^
  File "/Users/gravanelli/miniconda3/envs/fpt_env/lib/python3.11/site-packages/sympy/core/evalf.py", line 648, in evalf_mul
    result = evalf(arg, prec, options)
             ^^^^^^^^^^^^^^^^^^^^^^^^^
  File "/Users/gravanelli/miniconda3/envs/fpt_env/lib/python3.11/site-packages/sympy/core/evalf.py", line 1482, in evalf
    r = rf(x, prec, options)
        ^^^^^^^^^^^^^^^^^^^^
  File "/Users/gravanelli/miniconda3/envs/fpt_env/lib/python3.11/site-packages/sympy/core/evalf.py", line 600, in evalf_add
    terms = [evalf(arg, prec + 10, options) for arg in v.args]
            ^^^^^^^^^^^^^^^^^^^^^^^^^^^^^^^^^^^^^^^^^^^^^^^^^^
  File "/Users/gravanelli/miniconda3/envs/fpt_env/lib/python3.11/site-packages/sympy/core/evalf.py", line 600, in <listcomp>
    terms = [evalf(arg, prec + 10, options) for arg in v.args]
             ^^^^^^^^^^^^^^^^^^^^^^^^^^^^^^
  File "/Users/gravanelli/miniconda3/envs/fpt_env/lib/python3.11/site-packages/sympy/core/evalf.py", line 1482, in evalf
    r = rf(x, prec, options)
        ^^^^^^^^^^^^^^^^^^^^
  File "/Users/gravanelli/miniconda3/envs/fpt_env/lib/python3.11/site-packages/sympy/core/evalf.py", line 648, in evalf_mul
    result = evalf(arg, prec, options)
             ^^^^^^^^^^^^^^^^^^^^^^^^^
  File "/Users/gravanelli/miniconda3/envs/fpt_env/lib/python3.11/site-packages/sympy/core/evalf.py", line 1482, in evalf
    r = rf(x, prec, options)
        ^^^^^^^^^^^^^^^^^^^^
  File "/Users/gravanelli/miniconda3/envs/fpt_env/lib/python3.11/site-packages/sympy/core/evalf.py", line 600, in evalf_add
    terms = [evalf(arg, prec + 10, options) for arg in v.args]
            ^^^^^^^^^^^^^^^^^^^^^^^^^^^^^^^^^^^^^^^^^^^^^^^^^^
  File "/Users/gravanelli/miniconda3/envs/fpt_env/lib/python3.11/site-packages/sympy/core/evalf.py", line 600, in <listcomp>
    terms = [evalf(arg, prec + 10, options) for arg in v.args]
             ^^^^^^^^^^^^^^^^^^^^^^^^^^^^^^
  File "/Users/gravanelli/miniconda3/envs/fpt_env/lib/python3.11/site-packages/sympy/core/evalf.py", line 1482, in evalf
    r = rf(x, prec, options)
        ^^^^^^^^^^^^^^^^^^^^
  File "/Users/gravanelli/miniconda3/envs/fpt_env/lib/python3.11/site-packages/sympy/core/evalf.py", line 648, in evalf_mul
    result = evalf(arg, prec, options)
             ^^^^^^^^^^^^^^^^^^^^^^^^^
  File "/Users/gravanelli/miniconda3/envs/fpt_env/lib/python3.11/site-packages/sympy/core/evalf.py", line 1482, in evalf
    r = rf(x, prec, options)
        ^^^^^^^^^^^^^^^^^^^^
  File "/Users/gravanelli/miniconda3/envs/fpt_env/lib/python3.11/site-packages/sympy/core/evalf.py", line 600, in evalf_add
    terms = [evalf(arg, prec + 10, options) for arg in v.args]
            ^^^^^^^^^^^^^^^^^^^^^^^^^^^^^^^^^^^^^^^^^^^^^^^^^^
  File "/Users/gravanelli/miniconda3/envs/fpt_env/lib/python3.11/site-packages/sympy/core/evalf.py", line 600, in <listcomp>
    terms = [evalf(arg, prec + 10, options) for arg in v.args]
             ^^^^^^^^^^^^^^^^^^^^^^^^^^^^^^
  File "/Users/gravanelli/miniconda3/envs/fpt_env/lib/python3.11/site-packages/sympy/core/evalf.py", line 1482, in evalf
    r = rf(x, prec, options)
        ^^^^^^^^^^^^^^^^^^^^
  File "/Users/gravanelli/miniconda3/envs/fpt_env/lib/python3.11/site-packages/sympy/core/evalf.py", line 648, in evalf_mul
    result = evalf(arg, prec, options)
             ^^^^^^^^^^^^^^^^^^^^^^^^^
  File "/Users/gravanelli/miniconda3/envs/fpt_env/lib/python3.11/site-packages/sympy/core/evalf.py", line 1482, in evalf
    r = rf(x, prec, options)
        ^^^^^^^^^^^^^^^^^^^^
  File "/Users/gravanelli/miniconda3/envs/fpt_env/lib/python3.11/site-packages/sympy/core/evalf.py", line 600, in evalf_add
    terms = [evalf(arg, prec + 10, options) for arg in v.args]
            ^^^^^^^^^^^^^^^^^^^^^^^^^^^^^^^^^^^^^^^^^^^^^^^^^^
  File "/Users/gravanelli/miniconda3/envs/fpt_env/lib/python3.11/site-packages/sympy/core/evalf.py", line 600, in <listcomp>
    terms = [evalf(arg, prec + 10, options) for arg in v.args]
             ^^^^^^^^^^^^^^^^^^^^^^^^^^^^^^
  File "/Users/gravanelli/miniconda3/envs/fpt_env/lib/python3.11/site-packages/sympy/core/evalf.py", line 1482, in evalf
    r = rf(x, prec, options)
        ^^^^^^^^^^^^^^^^^^^^
  File "/Users/gravanelli/miniconda3/envs/fpt_env/lib/python3.11/site-packages/sympy/core/evalf.py", line 648, in evalf_mul
    result = evalf(arg, prec, options)
             ^^^^^^^^^^^^^^^^^^^^^^^^^
  File "/Users/gravanelli/miniconda3/envs/fpt_env/lib/python3.11/site-packages/sympy/core/evalf.py", line 1482, in evalf
    r = rf(x, prec, options)
        ^^^^^^^^^^^^^^^^^^^^
  File "/Users/gravanelli/miniconda3/envs/fpt_env/lib/python3.11/site-packages/sympy/core/evalf.py", line 600, in evalf_add
    terms = [evalf(arg, prec + 10, options) for arg in v.args]
            ^^^^^^^^^^^^^^^^^^^^^^^^^^^^^^^^^^^^^^^^^^^^^^^^^^
  File "/Users/gravanelli/miniconda3/envs/fpt_env/lib/python3.11/site-packages/sympy/core/evalf.py", line 600, in <listcomp>
    terms = [evalf(arg, prec + 10, options) for arg in v.args]
             ^^^^^^^^^^^^^^^^^^^^^^^^^^^^^^
  File "/Users/gravanelli/miniconda3/envs/fpt_env/lib/python3.11/site-packages/sympy/core/evalf.py", line 1482, in evalf
    r = rf(x, prec, options)
        ^^^^^^^^^^^^^^^^^^^^
  File "/Users/gravanelli/miniconda3/envs/fpt_env/lib/python3.11/site-packages/sympy/core/evalf.py", line 648, in evalf_mul
    result = evalf(arg, prec, options)
             ^^^^^^^^^^^^^^^^^^^^^^^^^
  File "/Users/gravanelli/miniconda3/envs/fpt_env/lib/python3.11/site-packages/sympy/core/evalf.py", line 1482, in evalf
    r = rf(x, prec, options)
        ^^^^^^^^^^^^^^^^^^^^
  File "/Users/gravanelli/miniconda3/envs/fpt_env/lib/python3.11/site-packages/sympy/core/evalf.py", line 600, in evalf_add
    terms = [evalf(arg, prec + 10, options) for arg in v.args]
            ^^^^^^^^^^^^^^^^^^^^^^^^^^^^^^^^^^^^^^^^^^^^^^^^^^
  File "/Users/gravanelli/miniconda3/envs/fpt_env/lib/python3.11/site-packages/sympy/core/evalf.py", line 600, in <listcomp>
    terms = [evalf(arg, prec + 10, options) for arg in v.args]
             ^^^^^^^^^^^^^^^^^^^^^^^^^^^^^^
  File "/Users/gravanelli/miniconda3/envs/fpt_env/lib/python3.11/site-packages/sympy/core/evalf.py", line 1482, in evalf
    r = rf(x, prec, options)
        ^^^^^^^^^^^^^^^^^^^^
  File "/Users/gravanelli/miniconda3/envs/fpt_env/lib/python3.11/site-packages/sympy/core/evalf.py", line 696, in evalf_mul
    re, im, re_acc, im_acc = evalf(arg, working_prec, options)
                             ^^^^^^^^^^^^^^^^^^^^^^^^^^^^^^^^^
  File "/Users/gravanelli/miniconda3/envs/fpt_env/lib/python3.11/site-packages/sympy/core/evalf.py", line 1482, in evalf
    r = rf(x, prec, options)
        ^^^^^^^^^^^^^^^^^^^^
  File "/Users/gravanelli/miniconda3/envs/fpt_env/lib/python3.11/site-packages/sympy/core/evalf.py", line 600, in evalf_add
    terms = [evalf(arg, prec + 10, options) for arg in v.args]
            ^^^^^^^^^^^^^^^^^^^^^^^^^^^^^^^^^^^^^^^^^^^^^^^^^^
  File "/Users/gravanelli/miniconda3/envs/fpt_env/lib/python3.11/site-packages/sympy/core/evalf.py", line 600, in <listcomp>
    terms = [evalf(arg, prec + 10, options) for arg in v.args]
             ^^^^^^^^^^^^^^^^^^^^^^^^^^^^^^
  File "/Users/gravanelli/miniconda3/envs/fpt_env/lib/python3.11/site-packages/sympy/core/evalf.py", line 1482, in evalf
    r = rf(x, prec, options)
        ^^^^^^^^^^^^^^^^^^^^
  File "/Users/gravanelli/miniconda3/envs/fpt_env/lib/python3.11/site-packages/sympy/core/evalf.py", line 648, in evalf_mul
    result = evalf(arg, prec, options)
             ^^^^^^^^^^^^^^^^^^^^^^^^^
  File "/Users/gravanelli/miniconda3/envs/fpt_env/lib/python3.11/site-packages/sympy/core/evalf.py", line 1482, in evalf
    r = rf(x, prec, options)
        ^^^^^^^^^^^^^^^^^^^^
  File "/Users/gravanelli/miniconda3/envs/fpt_env/lib/python3.11/site-packages/sympy/core/evalf.py", line 600, in evalf_add
    terms = [evalf(arg, prec + 10, options) for arg in v.args]
            ^^^^^^^^^^^^^^^^^^^^^^^^^^^^^^^^^^^^^^^^^^^^^^^^^^
  File "/Users/gravanelli/miniconda3/envs/fpt_env/lib/python3.11/site-packages/sympy/core/evalf.py", line 600, in <listcomp>
    terms = [evalf(arg, prec + 10, options) for arg in v.args]
             ^^^^^^^^^^^^^^^^^^^^^^^^^^^^^^
  File "/Users/gravanelli/miniconda3/envs/fpt_env/lib/python3.11/site-packages/sympy/core/evalf.py", line 1482, in evalf
    r = rf(x, prec, options)
        ^^^^^^^^^^^^^^^^^^^^
  File "/Users/gravanelli/miniconda3/envs/fpt_env/lib/python3.11/site-packages/sympy/core/evalf.py", line 696, in evalf_mul
    re, im, re_acc, im_acc = evalf(arg, working_prec, options)
                             ^^^^^^^^^^^^^^^^^^^^^^^^^^^^^^^^^
  File "/Users/gravanelli/miniconda3/envs/fpt_env/lib/python3.11/site-packages/sympy/core/evalf.py", line 1482, in evalf
    r = rf(x, prec, options)
        ^^^^^^^^^^^^^^^^^^^^
  File "/Users/gravanelli/miniconda3/envs/fpt_env/lib/python3.11/site-packages/sympy/core/evalf.py", line 600, in evalf_add
    terms = [evalf(arg, prec + 10, options) for arg in v.args]
            ^^^^^^^^^^^^^^^^^^^^^^^^^^^^^^^^^^^^^^^^^^^^^^^^^^
  File "/Users/gravanelli/miniconda3/envs/fpt_env/lib/python3.11/site-packages/sympy/core/evalf.py", line 600, in <listcomp>
    terms = [evalf(arg, prec + 10, options) for arg in v.args]
             ^^^^^^^^^^^^^^^^^^^^^^^^^^^^^^
  File "/Users/gravanelli/miniconda3/envs/fpt_env/lib/python3.11/site-packages/sympy/core/evalf.py", line 1482, in evalf
    r = rf(x, prec, options)
        ^^^^^^^^^^^^^^^^^^^^
  File "/Users/gravanelli/miniconda3/envs/fpt_env/lib/python3.11/site-packages/sympy/core/evalf.py", line 696, in evalf_mul
    re, im, re_acc, im_acc = evalf(arg, working_prec, options)
                             ^^^^^^^^^^^^^^^^^^^^^^^^^^^^^^^^^
  File "/Users/gravanelli/miniconda3/envs/fpt_env/lib/python3.11/site-packages/sympy/core/evalf.py", line 1482, in evalf
    r = rf(x, prec, options)
        ^^^^^^^^^^^^^^^^^^^^
  File "/Users/gravanelli/miniconda3/envs/fpt_env/lib/python3.11/site-packages/sympy/core/evalf.py", line 600, in evalf_add
    terms = [evalf(arg, prec + 10, options) for arg in v.args]
            ^^^^^^^^^^^^^^^^^^^^^^^^^^^^^^^^^^^^^^^^^^^^^^^^^^
  File "/Users/gravanelli/miniconda3/envs/fpt_env/lib/python3.11/site-packages/sympy/core/evalf.py", line 600, in <listcomp>
    terms = [evalf(arg, prec + 10, options) for arg in v.args]
             ^^^^^^^^^^^^^^^^^^^^^^^^^^^^^^
  File "/Users/gravanelli/miniconda3/envs/fpt_env/lib/python3.11/site-packages/sympy/core/evalf.py", line 1482, in evalf
    r = rf(x, prec, options)
        ^^^^^^^^^^^^^^^^^^^^
  File "/Users/gravanelli/miniconda3/envs/fpt_env/lib/python3.11/site-packages/sympy/core/evalf.py", line 648, in evalf_mul
    result = evalf(arg, prec, options)
             ^^^^^^^^^^^^^^^^^^^^^^^^^
  File "/Users/gravanelli/miniconda3/envs/fpt_env/lib/python3.11/site-packages/sympy/core/evalf.py", line 1482, in evalf
    r = rf(x, prec, options)
        ^^^^^^^^^^^^^^^^^^^^
  File "/Users/gravanelli/miniconda3/envs/fpt_env/lib/python3.11/site-packages/sympy/core/evalf.py", line 604, in evalf_add
    re, re_acc = add_terms(
                 ^^^^^^^^^^
  File "/Users/gravanelli/miniconda3/envs/fpt_env/lib/python3.11/site-packages/sympy/core/evalf.py", line 533, in add_terms
    arg = Float._new(t[0], 1)
          ^^^^^^^^^^^^^^^^^^^
  File "/Users/gravanelli/miniconda3/envs/fpt_env/lib/python3.11/site-packages/sympy/core/numbers.py", line 1194, in _new
    obj._mpf_ = mpf_norm(_mpf_, _prec)
                ^^^^^^^^^^^^^^^^^^^^^^
  File "/Users/gravanelli/miniconda3/envs/fpt_env/lib/python3.11/site-packages/sympy/core/numbers.py", line 175, in mpf_norm
    rv = mpf_normalize(sign, MPZ(man), expt, bc, prec, rnd)
                             ^^^^^^^^
KeyboardInterrupt
